// Jest Snapshot v1, https://goo.gl/fbAQLP

exports[`Snapshot test 1`] = `
<header>
  <div
    class="header-content"
  >
    <h1>
      Transcriptions
    </h1>
     
    <aside>
      <upload-svg
        class="upload"
      />
       
      <fetch-svg
        class="fetch"
      />
    </aside>
  </div>
</header>
`;
