// Jest Snapshot v1, https://goo.gl/fbAQLP

exports[`Transcriptions list add row Test Snapshot test 1`] = `
<div
  class="list-content"
>
  <ul />
   
  <add-row-svg
    class="list-content--add-row"
  />
</div>
`;
