// Jest Snapshot v1, https://goo.gl/fbAQLP

exports[`Transcriptions list add row Test Snapshot test 1`] = `<!---->`;
