// Jest Snapshot v1, https://goo.gl/fbAQLP

exports[`Toast Component Tests Snapshot test 1`] = `<!---->`;
